npm warn Unknown project config "shamefully-hoist". This will stop working in the next major version of npm. See `npm help npmrc` for supported config options.

> openllc-nextjs@0.1.0 build
> cross-env NODE_OPTIONS=--max-old-space-size=4096 next build --webpack

